// Jest Snapshot v1, https://goo.gl/fbAQLP

exports[`Social tests check it renders correctly with snapshot 1`] = `
Object {
  "asFragment": [Function],
  "baseElement": <body>
    <div>
      <ul
        class="icons"
      >
        <li>
          <a
            aria-label="Twitter"
            class="icon alt fa-twitter"
            href="https://twitter.com/l3digital_uk"
            rel="noopener noreferrer"
            target="_blank"
          >
            <span
              class="label"
            >
              Twitter
            </span>
          </a>
        </li>
        <li>
          <a
            aria-label="Github"
            class="icon alt fa-github"
            href="https://github.com/l3digitaluk"
            rel="noopener noreferrer"
            target="_blank"
          >
            <span
              class="label"
            >
              GitHub
            </span>
          </a>
        </li>
        <li>
          <a
            aria-label="LinkedIn"
            class="icon alt fa-linkedin"
            href="https://www.linkedin.com/in/l3-digital-uk/"
            rel="noopener noreferrer"
            target="_blank"
          >
            <span
              class="label"
            >
              LinkedIn
            </span>
          </a>
        </li>
      </ul>
    </div>
  </body>,
  "container": <div>
    <ul
      class="icons"
    >
      <li>
        <a
          aria-label="Twitter"
          class="icon alt fa-twitter"
          href="https://twitter.com/l3digital_uk"
          rel="noopener noreferrer"
          target="_blank"
        >
          <span
            class="label"
          >
            Twitter
          </span>
        </a>
      </li>
      <li>
        <a
          aria-label="Github"
          class="icon alt fa-github"
          href="https://github.com/l3digitaluk"
          rel="noopener noreferrer"
          target="_blank"
        >
          <span
            class="label"
          >
            GitHub
          </span>
        </a>
      </li>
      <li>
        <a
          aria-label="LinkedIn"
          class="icon alt fa-linkedin"
          href="https://www.linkedin.com/in/l3-digital-uk/"
          rel="noopener noreferrer"
          target="_blank"
        >
          <span
            class="label"
          >
            LinkedIn
          </span>
        </a>
      </li>
    </ul>
  </div>,
  "debug": [Function],
  "getAllByAltText": [Function],
  "getAllByDisplayValue": [Function],
  "getAllByLabelText": [Function],
  "getAllByPlaceholderText": [Function],
  "getAllByRole": [Function],
  "getAllBySelectText": [Function],
  "getAllByTestId": [Function],
  "getAllByText": [Function],
  "getAllByTitle": [Function],
  "getAllByValue": [Function],
  "getByAltText": [Function],
  "getByDisplayValue": [Function],
  "getByLabelText": [Function],
  "getByPlaceholderText": [Function],
  "getByRole": [Function],
  "getBySelectText": [Function],
  "getByTestId": [Function],
  "getByText": [Function],
  "getByTitle": [Function],
  "getByValue": [Function],
  "queryAllByAltText": [Function],
  "queryAllByDisplayValue": [Function],
  "queryAllByLabelText": [Function],
  "queryAllByPlaceholderText": [Function],
  "queryAllByRole": [Function],
  "queryAllBySelectText": [Function],
  "queryAllByTestId": [Function],
  "queryAllByText": [Function],
  "queryAllByTitle": [Function],
  "queryAllByValue": [Function],
  "queryByAltText": [Function],
  "queryByDisplayValue": [Function],
  "queryByLabelText": [Function],
  "queryByPlaceholderText": [Function],
  "queryByRole": [Function],
  "queryBySelectText": [Function],
  "queryByTestId": [Function],
  "queryByText": [Function],
  "queryByTitle": [Function],
  "queryByValue": [Function],
  "rerender": [Function],
  "unmount": [Function],
}
`;
